error: field `x` is not appear in format.
 --> tests/compile_fail/from_str/no_field_in_format.rs:4:11
  |
4 | #[display("abc")]
  |           ^^^^^
