error: field `x` is not appear in format.
 --> $DIR/from_str_no_field_in_format.rs:4:11
  |
4 | #[display("abc")]
  |           ^^^^^
